// Jest Snapshot v1, https://goo.gl/fbAQLP

exports[`Prueba PrimeraApp Debe de mostrar primera prueba correctamente 1`] = `
<Fragment>
  <h1>
    Hola soy goku
  </h1>
  <p>
    soy un subtitul
  </p>
</Fragment>
`;
